# NetMHCIIpan version 4.0

# Input is in PEPTIDE format

# Prediction Mode: EL+BA

# Threshold for Strong binding peptides (%Rank)	2%
# Threshold for Weak binding peptides (%Rank)	10%

# Allele: DRB1_0101
--------------------------------------------------------------------------------------------------------------------------------------------
 Pos           MHC              Peptide   Of        Core  Core_Rel        Identity      Score_EL %Rank_EL Exp_Bind      Score_BA  Affinity(nM) %Rank_BA  BindLevel
--------------------------------------------------------------------------------------------------------------------------------------------
   1     DRB1_0101        AAAGAEAGKATTE    1   AAGAEAGKA     0.547        Sequence      0.001552    67.50    0.000      0.105678      15936.47    95.00       
   2     DRB1_0101      AALAAAAGVPPADKY    2   LAAAAGVPP     0.987        Sequence      0.053517    14.15    0.300      0.574127        100.27    11.75       
   3     DRB1_0101         EKPGNRNPYENL    3   GNRNPYENL     0.547        Sequence      0.000043    95.00    0.670      0.061539      25692.13    95.00       
   4     DRB1_0101      STWLLKPGAGIMIFD    4   LKPGAGIMI     0.620        Sequence      0.064794    12.71    0.000      0.735279         17.54     1.77       
   5     DRB1_0101      KSVPLEMLLINLTTI    4   LEMLLINLT     0.893        Sequence      0.007117    37.30    0.560      0.622086         59.68     7.38       
   6     DRB1_0101      KTKEDLFGKKNLIPS    5   LFGKKNLIP     0.340        Sequence      0.001224    72.64    0.670      0.337151       1302.29    52.29       
   7     DRB1_0101      KIYHKCDNACIGSIR    2   YHKCDNACI     0.753        Sequence      0.006038    39.94    0.940      0.462854        334.22    27.30       
   8     DRB1_0101      PCLFMRTVSHVILHG    3   FMRTVSHVI     0.960        Sequence      0.073746    11.81    0.345      0.698659         26.06     2.97       
   9     DRB1_0101      GAATVAAGAATTAAG    4   VAAGAATTA     0.933        Sequence      0.134894     8.20    0.000      0.474646        294.19    25.34   <=WB
--------------------------------------------------------------------------------------------------------------------------------------------
Number of strong binders: 0 Number of weak binders: 1
--------------------------------------------------------------------------------------------------------------------------------------------
