# NetMHCIIpan version 4.0

# Input is in FASTA format

# Peptide length 15

# Prediction Mode: EL

# User-defined MHC pseudo sequence QEFFIASGAAVDAIMWLFLECYDLQRATYHVGFT USER_DEF

# NB: Strong and Weak binders can not be defined with a user-defined MHC pseudo-sequence.

# Allele: USER_DEF
--------------------------------------------------------------------------------------------------------------------------------------------
 Pos           MHC              Peptide   Of        Core  Core_Rel        Identity      Score_EL %Rank_EL Exp_Bind  BindLevel
--------------------------------------------------------------------------------------------------------------------------------------------
   1      USER_DEF      ASQKRPSQRHGSKYL    5   PSQRHGSKY     0.140            seq1      0.000211   -99.00       NA       
   2      USER_DEF      SQKRPSQRHGSKYLA    5   SQRHGSKYL     0.533            seq1      0.000521   -99.00       NA       
   3      USER_DEF      QKRPSQRHGSKYLAT    4   SQRHGSKYL     0.460            seq1      0.001134   -99.00       NA       
   4      USER_DEF      KRPSQRHGSKYLATA    3   SQRHGSKYL     0.420            seq1      0.002014   -99.00       NA       
   5      USER_DEF      RPSQRHGSKYLATAS    4   RHGSKYLAT     0.253            seq1      0.001813   -99.00       NA       
   6      USER_DEF      PSQRHGSKYLATAST    3   RHGSKYLAT     0.293            seq1      0.001786   -99.00       NA       
   7      USER_DEF      SQRHGSKYLATASTM    5   SKYLATAST     0.420            seq1      0.001989   -99.00       NA       
   8      USER_DEF      QRHGSKYLATASTMD    5   KYLATASTM     0.353            seq1      0.008256   -99.00       NA       
   9      USER_DEF      RHGSKYLATASTMDH    5   YLATASTMD     0.640            seq1      0.037996   -99.00       NA       
  10      USER_DEF      HGSKYLATASTMDHA    4   YLATASTMD     0.840            seq1      0.100792   -99.00       NA       
  11      USER_DEF      GSKYLATASTMDHAR    3   YLATASTMD     0.980            seq1      0.194152   -99.00       NA       
  12      USER_DEF      SKYLATASTMDHARH    2   YLATASTMD     0.913            seq1      0.034346   -99.00       NA       
  13      USER_DEF      KYLATASTMDHARHG    1   YLATASTMD     0.727            seq1      0.003893   -99.00       NA       
  14      USER_DEF      YLATASTMDHARHGF    2   ATASTMDHA     0.187            seq1      0.000509   -99.00       NA       
  15      USER_DEF      LATASTMDHARHGFL    4   STMDHARHG     0.373            seq1      0.000436   -99.00       NA       
  16      USER_DEF      ATASTMDHARHGFLP    3   STMDHARHG     0.420            seq1      0.000776   -99.00       NA       
  17      USER_DEF      TASTMDHARHGFLPR    4   MDHARHGFL     0.780            seq1      0.001313   -99.00       NA       
  18      USER_DEF      ASTMDHARHGFLPRH    3   MDHARHGFL     0.907            seq1      0.002106   -99.00       NA       
  19      USER_DEF      STMDHARHGFLPRHR    2   MDHARHGFL     0.587            seq1      0.000786   -99.00       NA       
  20      USER_DEF      TMDHARHGFLPRHRD    5   RHGFLPRHR     0.267            seq1      0.000690   -99.00       NA       
  21      USER_DEF      MDHARHGFLPRHRDT    4   RHGFLPRHR     0.313            seq1      0.001057   -99.00       NA       
  22      USER_DEF      DHARHGFLPRHRDTG    3   RHGFLPRHR     0.347            seq1      0.001637   -99.00       NA       
  23      USER_DEF      HARHGFLPRHRDTGI    3   HGFLPRHRD     0.247            seq1      0.001140   -99.00       NA       
  24      USER_DEF      ARHGFLPRHRDTGIL    4   FLPRHRDTG     0.640            seq1      0.000799   -99.00       NA       
  25      USER_DEF      RHGFLPRHRDTGILD    3   FLPRHRDTG     0.727            seq1      0.001030   -99.00       NA       
  26      USER_DEF      HGFLPRHRDTGILDS    5   RHRDTGILD     0.227            seq1      0.000747   -99.00       NA       
  27      USER_DEF      GFLPRHRDTGILDSI    4   RHRDTGILD     0.333            seq1      0.000666   -99.00       NA       
  28      USER_DEF      FLPRHRDTGILDSIG    3   RHRDTGILD     0.367            seq1      0.000849   -99.00       NA       
  29      USER_DEF      LPRHRDTGILDSIGR    4   RDTGILDSI     0.260            seq1      0.001179   -99.00       NA       
  30      USER_DEF      PRHRDTGILDSIGRF    5   TGILDSIGR     0.340            seq1      0.001275   -99.00       NA       
  31      USER_DEF      RHRDTGILDSIGRFF    4   TGILDSIGR     0.453            seq1      0.001154   -99.00       NA       
  32      USER_DEF      HRDTGILDSIGRFFG    3   TGILDSIGR     0.400            seq1      0.002433   -99.00       NA       
  33      USER_DEF      RDTGILDSIGRFFGG    4   ILDSIGRFF     0.787            seq1      0.005006   -99.00       NA       
  34      USER_DEF      DTGILDSIGRFFGGD    3   ILDSIGRFF     0.867            seq1      0.012373   -99.00       NA       
  35      USER_DEF      TGILDSIGRFFGGDR    3   LDSIGRFFG     0.547            seq1      0.004597   -99.00       NA       
  36      USER_DEF      GILDSIGRFFGGDRG    2   LDSIGRFFG     0.453            seq1      0.001511   -99.00       NA       
  37      USER_DEF      ILDSIGRFFGGDRGA    4   IGRFFGGDR     0.527            seq1      0.001812   -99.00       NA       
  38      USER_DEF      LDSIGRFFGGDRGAP    3   IGRFFGGDR     0.560            seq1      0.004012   -99.00       NA       
  39      USER_DEF      DSIGRFFGGDRGAPK    3   GRFFGGDRG     0.393            seq1      0.005130   -99.00       NA       
  40      USER_DEF      SIGRFFGGDRGAPKN    5   FGGDRGAPK     0.573            seq1      0.005768   -99.00       NA       
  41      USER_DEF      IGRFFGGDRGAPKNM    4   FGGDRGAPK     0.753            seq1      0.007424   -99.00       NA       
  42      USER_DEF      GRFFGGDRGAPKNMY    3   FGGDRGAPK     0.913            seq1      0.009067   -99.00       NA       
  43      USER_DEF      RFFGGDRGAPKNMYK    2   FGGDRGAPK     0.787            seq1      0.002313   -99.00       NA       
  44      USER_DEF      FFGGDRGAPKNMYKD    3   GDRGAPKNM     0.287            seq1      0.000786   -99.00       NA       
  45      USER_DEF      FGGDRGAPKNMYKDS    3   DRGAPKNMY     0.520            seq1      0.000477   -99.00       NA       
  46      USER_DEF      GGDRGAPKNMYKDSH    2   DRGAPKNMY     0.433            seq1      0.000291   -99.00       NA       
  47      USER_DEF      GDRGAPKNMYKDSHH    6   KNMYKDSHH     0.173            seq1      0.000509   -99.00       NA       
  48      USER_DEF      DRGAPKNMYKDSHHP    5   KNMYKDSHH     0.320            seq1      0.000596   -99.00       NA       
  49      USER_DEF      RGAPKNMYKDSHHPA    4   KNMYKDSHH     0.233            seq1      0.000940   -99.00       NA       
  50      USER_DEF      GAPKNMYKDSHHPAR    5   MYKDSHHPA     0.687            seq1      0.004410   -99.00       NA       
  51      USER_DEF      APKNMYKDSHHPART    4   MYKDSHHPA     0.673            seq1      0.009233   -99.00       NA       
  52      USER_DEF      PKNMYKDSHHPARTA    3   MYKDSHHPA     0.607            seq1      0.016646   -99.00       NA       
  53      USER_DEF      KNMYKDSHHPARTAH    3   YKDSHHPAR     0.567            seq1      0.009309   -99.00       NA       
  54      USER_DEF      NMYKDSHHPARTAHY    2   YKDSHHPAR     0.380            seq1      0.003046   -99.00       NA       
  55      USER_DEF      MYKDSHHPARTAHYG    3   DSHHPARTA     0.400            seq1      0.002817   -99.00       NA       
  56      USER_DEF      YKDSHHPARTAHYGS    4   HHPARTAHY     0.607            seq1      0.001985   -99.00       NA       
  57      USER_DEF      KDSHHPARTAHYGSL    3   HHPARTAHY     0.680            seq1      0.001515   -99.00       NA       
  58      USER_DEF      DSHHPARTAHYGSLP    5   ARTAHYGSL     0.367            seq1      0.000739   -99.00       NA       
  59      USER_DEF      SHHPARTAHYGSLPQ    4   ARTAHYGSL     0.540            seq1      0.001127   -99.00       NA       
  60      USER_DEF      HHPARTAHYGSLPQK    3   ARTAHYGSL     0.600            seq1      0.001846   -99.00       NA       
  61      USER_DEF      HPARTAHYGSLPQKS    6   HYGSLPQKS     0.373            seq1      0.001761   -99.00       NA       
  62      USER_DEF      PARTAHYGSLPQKSH    5   HYGSLPQKS     0.580            seq1      0.002992   -99.00       NA       
  63      USER_DEF      ARTAHYGSLPQKSHG    4   HYGSLPQKS     0.513            seq1      0.009077   -99.00       NA       
  64      USER_DEF      RTAHYGSLPQKSHGR    4   YGSLPQKSH     0.620            seq1      0.024135   -99.00       NA       
  65      USER_DEF      TAHYGSLPQKSHGRT    3   YGSLPQKSH     0.807            seq1      0.022149   -99.00       NA       
  66      USER_DEF      AHYGSLPQKSHGRTQ    2   YGSLPQKSH     0.747            seq1      0.004911   -99.00       NA       
  67      USER_DEF      HYGSLPQKSHGRTQD    3   SLPQKSHGR     0.360            seq1      0.001071   -99.00       NA       
  68      USER_DEF      YGSLPQKSHGRTQDE    2   SLPQKSHGR     0.293            seq1      0.000565   -99.00       NA       
  69      USER_DEF      GSLPQKSHGRTQDEN    3   PQKSHGRTQ     0.587            seq1      0.000401   -99.00       NA       
  70      USER_DEF      SLPQKSHGRTQDENP    2   PQKSHGRTQ     0.387            seq1      0.000277   -99.00       NA       
  71      USER_DEF      LPQKSHGRTQDENPV    6   GRTQDENPV     0.467            seq1      0.001096   -99.00       NA       
  72      USER_DEF      PQKSHGRTQDENPVV    5   GRTQDENPV     0.693            seq1      0.001591   -99.00       NA       
  73      USER_DEF      QKSHGRTQDENPVVH    4   GRTQDENPV     0.693            seq1      0.002466   -99.00       NA       
  74      USER_DEF      KSHGRTQDENPVVHF    3   GRTQDENPV     0.667            seq1      0.003025   -99.00       NA       
  75      USER_DEF      SHGRTQDENPVVHFF    2   GRTQDENPV     0.367            seq1      0.002099   -99.00       NA       
  76      USER_DEF      HGRTQDENPVVHFFK    3   TQDENPVVH     0.227            seq1      0.000858   -99.00       NA       
  77      USER_DEF      GRTQDENPVVHFFKN    4   DENPVVHFF     0.273            seq1      0.000595   -99.00       NA       
  78      USER_DEF      RTQDENPVVHFFKNI    3   DENPVVHFF     0.300            seq1      0.000595   -99.00       NA       
  79      USER_DEF      TQDENPVVHFFKNIV    6   VVHFFKNIV     0.300            seq1      0.000719   -99.00       NA       
  80      USER_DEF      QDENPVVHFFKNIVT    5   VVHFFKNIV     0.387            seq1      0.004423   -99.00       NA       
  81      USER_DEF      DENPVVHFFKNIVTP    5   VHFFKNIVT     0.840            seq1      0.049165   -99.00       NA       
  82      USER_DEF      ENPVVHFFKNIVTPR    4   VHFFKNIVT     0.893            seq1      0.129070   -99.00       NA       
  83      USER_DEF      NPVVHFFKNIVTPRT    3   VHFFKNIVT     0.900            seq1      0.151440   -99.00       NA       
  84      USER_DEF      PVVHFFKNIVTPRTP    5   FKNIVTPRT     0.740            seq1      0.198122   -99.00       NA       
  85      USER_DEF      VVHFFKNIVTPRTPP    4   FKNIVTPRT     0.953            seq1      0.447448   -99.00       NA       
  86      USER_DEF      VHFFKNIVTPRTPPP    3   FKNIVTPRT     1.000            seq1      0.604962   -99.00       NA       
  87      USER_DEF      HFFKNIVTPRTPPPS    2   FKNIVTPRT     1.000            seq1      0.322628   -99.00       NA       
  88      USER_DEF      FFKNIVTPRTPPPSQ    1   FKNIVTPRT     0.933            seq1      0.042521   -99.00       NA       
  89      USER_DEF      FKNIVTPRTPPPSQG    4   VTPRTPPPS     0.440            seq1      0.004878   -99.00       NA       
  90      USER_DEF      KNIVTPRTPPPSQGK    3   VTPRTPPPS     0.800            seq1      0.005282   -99.00       NA       
  91      USER_DEF      NIVTPRTPPPSQGKG    2   VTPRTPPPS     0.687            seq1      0.001203   -99.00       NA       
  92      USER_DEF      IVTPRTPPPSQGKGR    3   PRTPPPSQG     0.427            seq1      0.000386   -99.00       NA       
  93      USER_DEF      VTPRTPPPSQGKGRK    2   PRTPPPSQG     0.600            seq1      0.000158   -99.00       NA       
  94      USER_DEF      TPRTPPPSQGKGRKS    6   PSQGKGRKS     0.507            seq1      0.000229   -99.00       NA       
  95      USER_DEF      PRTPPPSQGKGRKSA    5   PSQGKGRKS     0.773            seq1      0.000395   -99.00       NA       
  96      USER_DEF      RTPPPSQGKGRKSAH    4   PSQGKGRKS     0.893            seq1      0.000663   -99.00       NA       
  97      USER_DEF      TPPPSQGKGRKSAHK    3   PSQGKGRKS     0.900            seq1      0.001183   -99.00       NA       
  98      USER_DEF      PPPSQGKGRKSAHKG    2   PSQGKGRKS     0.653            seq1      0.000696   -99.00       NA       
  99      USER_DEF      PPSQGKGRKSAHKGF    1   PSQGKGRKS     0.327            seq1      0.000398   -99.00       NA       
 100      USER_DEF      PSQGKGRKSAHKGFK    4   KGRKSAHKG     0.373            seq1      0.000395   -99.00       NA       
 101      USER_DEF      SQGKGRKSAHKGFKG    3   KGRKSAHKG     0.273            seq1      0.000480   -99.00       NA       
 102      USER_DEF      QGKGRKSAHKGFKGV    5   KSAHKGFKG     0.540            seq1      0.000772   -99.00       NA       
 103      USER_DEF      GKGRKSAHKGFKGVD    4   KSAHKGFKG     0.793            seq1      0.001547   -99.00       NA       
 104      USER_DEF      KGRKSAHKGFKGVDA    3   KSAHKGFKG     0.647            seq1      0.002399   -99.00       NA       
 105      USER_DEF      GRKSAHKGFKGVDAQ    5   HKGFKGVDA     0.793            seq1      0.006143   -99.00       NA       
 106      USER_DEF      RKSAHKGFKGVDAQG    4   HKGFKGVDA     0.953            seq1      0.013876   -99.00       NA       
 107      USER_DEF      KSAHKGFKGVDAQGT    6   FKGVDAQGT     0.807            seq1      0.079094   -99.00       NA       
 108      USER_DEF      SAHKGFKGVDAQGTL    5   FKGVDAQGT     1.000            seq1      0.381304   -99.00       NA       
 109      USER_DEF      AHKGFKGVDAQGTLS    4   FKGVDAQGT     1.000            seq1      0.631259   -99.00       NA       
 110      USER_DEF      HKGFKGVDAQGTLSK    3   FKGVDAQGT     1.000            seq1      0.797682   -99.00       NA       
 111      USER_DEF      KGFKGVDAQGTLSKI    2   FKGVDAQGT     1.000            seq1      0.519664   -99.00       NA       
 112      USER_DEF      GFKGVDAQGTLSKIF    1   FKGVDAQGT     0.987            seq1      0.076314   -99.00       NA       
 113      USER_DEF      FKGVDAQGTLSKIFK    3   VDAQGTLSK     0.447            seq1      0.002158   -99.00       NA       
 114      USER_DEF      KGVDAQGTLSKIFKL    2   VDAQGTLSK     0.467            seq1      0.001168   -99.00       NA       
 115      USER_DEF      GVDAQGTLSKIFKLG    3   AQGTLSKIF     0.407            seq1      0.000814   -99.00       NA       
 116      USER_DEF      VDAQGTLSKIFKLGG    4   GTLSKIFKL     0.547            seq1      0.001072   -99.00       NA       
 117      USER_DEF      DAQGTLSKIFKLGGR    3   GTLSKIFKL     0.447            seq1      0.002609   -99.00       NA       
 118      USER_DEF      AQGTLSKIFKLGGRD    4   LSKIFKLGG     0.787            seq1      0.003591   -99.00       NA       
 119      USER_DEF      QGTLSKIFKLGGRDS    3   LSKIFKLGG     0.533            seq1      0.007376   -99.00       NA       
 120      USER_DEF      GTLSKIFKLGGRDSR    5   IFKLGGRDS     0.993            seq1      0.132614   -99.00       NA       
 121      USER_DEF      TLSKIFKLGGRDSRS    4   IFKLGGRDS     1.000            seq1      0.303747   -99.00       NA       
 122      USER_DEF      LSKIFKLGGRDSRSG    3   IFKLGGRDS     1.000            seq1      0.427784   -99.00       NA       
 123      USER_DEF      SKIFKLGGRDSRSGS    2   IFKLGGRDS     1.000            seq1      0.268861   -99.00       NA       
 124      USER_DEF      KIFKLGGRDSRSGSP    1   IFKLGGRDS     0.880            seq1      0.023767   -99.00       NA       
 125      USER_DEF      IFKLGGRDSRSGSPM    3   LGGRDSRSG     0.507            seq1      0.001210   -99.00       NA       
 126      USER_DEF      FKLGGRDSRSGSPMA    2   LGGRDSRSG     0.540            seq1      0.000504   -99.00       NA       
 127      USER_DEF      KLGGRDSRSGSPMAR    4   RDSRSGSPM     0.247            seq1      0.000398   -99.00       NA       
 128      USER_DEF      LGGRDSRSGSPMARR    4   DSRSGSPMA     0.493            seq1      0.000652   -99.00       NA       
 129      USER_DEF      GGRDSRSGSPMARRE    3   DSRSGSPMA     0.507            seq1      0.000901   -99.00       NA       
 130      USER_DEF      GRDSRSGSPMARREL    3   SRSGSPMAR     0.287            seq1      0.000585   -99.00       NA       
 131      USER_DEF      RDSRSGSPMARRELV    3   RSGSPMARR     0.287            seq1      0.000428   -99.00       NA       
 132      USER_DEF      DSRSGSPMARRELVI    2   RSGSPMARR     0.213            seq1      0.000286   -99.00       NA       
 133      USER_DEF      SRSGSPMARRELVIS    3   GSPMARREL     0.327            seq1      0.000319   -99.00       NA       
 134      USER_DEF      RSGSPMARRELVISL    5   MARRELVIS     0.360            seq1      0.000352   -99.00       NA       
 135      USER_DEF      SGSPMARRELVISLI    5   ARRELVISL     0.387            seq1      0.000527   -99.00       NA       
 136      USER_DEF      GSPMARRELVISLIV    4   ARRELVISL     0.367            seq1      0.000816   -99.00       NA       
 137      USER_DEF      SPMARRELVISLIVE    3   ARRELVISL     0.407            seq1      0.001472   -99.00       NA       
 138      USER_DEF      PMARRELVISLIVES    3   RRELVISLI     0.373            seq1      0.001533   -99.00       NA       
--------------------------------------------------------------------------------------------------------------------------------------------
Number of strong binders: 0 Number of weak binders: 0
--------------------------------------------------------------------------------------------------------------------------------------------
